2026-08-05 19:28:02,666 INFO DRY-RUN archivio=BMW M4 LMGT3 Daytona E-Sports Setup by HYMO.zip destinazione=SimSetups/LMU/HYMO/BMW M4 GT3/Daytona tempo=20.10s
2026-08-05 19:28:36,739 INFO DRY-RUN archivio=GO-BMW-M4-LMGT3-BAHRAIN.zip destinazione=SimSetups/LMU/GO/BMW M4 GT3/8 tempo=34.07s
2026-08-05 19:32:45,601 INFO DRY-RUN archivio=BMW M4 LMGT3 Daytona E-Sports Setup by HYMO.zip destinazione=SimSetups/LMU/HYMO/BMW M4 GT3/Daytona tempo=0.00s
2026-08-05 19:33:00,108 INFO DRY-RUN archivio=GO-BMW-M4-LMGT3-BAHRAIN.zip destinazione=SimSetups/LMU/GO/BMW M4 GT3/Bahrain tempo=14.51s
2026-08-05 19:35:55,450 INFO DRY-RUN archivio=BMW M4 LMGT3 Daytona E-Sports Setup by HYMO.zip destinazione=SimSetups/ACC/HYMO/BMW M4 GT3/Daytona tempo=0.00s
2026-08-05 19:35:55,452 INFO DRY-RUN archivio=GO-BMW-M4-LMGT3-BAHRAIN.zip destinazione=SimSetups/ACC/GO/BMW M4 GT3/Bahrain tempo=0.00s
2026-08-05 19:38:37,381 INFO DRY-RUN archivio=BMW M4 LMGT3 Daytona E-Sports Setup by HYMO.zip destinazione=SimSetups/ACC EVO/HYMO/BMW M4 GT3/Daytona tempo=0.00s
2026-08-05 19:38:37,381 INFO DRY-RUN archivio=GO-BMW-M4-LMGT3-BAHRAIN.zip destinazione=SimSetups/ACC EVO/GO/BMW M4 GT3/Bahrain tempo=0.00s
2026-08-05 19:42:14,658 INFO DRY-RUN archivio=BMW M4 LMGT3 Daytona E-Sports Setup by HYMO.zip destinazione=SimSetups/LMU/HYMO/BMW M4 GT3/Daytona tempo=0.00s
2026-08-05 19:42:14,660 INFO DRY-RUN archivio=GO-BMW-M4-LMGT3-BAHRAIN.zip destinazione=SimSetups/LMU/GO/BMW M4 GT3/Bahrain tempo=0.00s
2026-08-05 19:42:43,744 INFO DRY-RUN archivio=Hymo Oreca WEC LMP2 Bahrain E-Sports Setup.zip destinazione=SimSetups/LMU/HYMO/Oreca Oreca/Bahrain tempo=29.08s
2026-08-05 19:43:14,393 INFO DRY-RUN archivio=trt IMOLA BMW HY.rar destinazione=SimSetups/LMU/TRT/BMW BMW/Imola tempo=30.65s
2026-08-05 19:49:05,728 INFO DRY-RUN archivio=BMW M4 LMGT3 Daytona E-Sports Setup by HYMO.zip destinazione=SimSetups/LMU/HYMO/BMW M4 GT3/Daytona tempo=0.00s
2026-08-05 19:49:05,730 INFO DRY-RUN archivio=GO-BMW-M4-LMGT3-BAHRAIN.zip destinazione=SimSetups/LMU/GO/BMW M4 GT3/Bahrain tempo=0.00s
2026-08-05 19:49:05,731 INFO DRY-RUN archivio=Hymo Oreca WEC LMP2 Bahrain E-Sports Setup.zip destinazione=SimSetups/LMU/HYMO/Oreca 07/Bahrain tempo=0.00s
2026-08-05 19:49:05,733 INFO DRY-RUN archivio=trt IMOLA BMW HY.rar destinazione=SimSetups/LMU/TRT/BMW BMW/Imola tempo=0.00s
2026-08-05 19:53:16,887 INFO DRY-RUN archivio=BMW M4 LMGT3 Daytona E-Sports Setup by HYMO.zip destinazione=SimSetups/LMU/HYMO/BMW M4 GT3/Daytona tempo=0.00s
2026-08-05 19:53:32,115 INFO DRY-RUN archivio=GO-BMW-M4-LMGT3-BAHRAIN.zip destinazione=SimSetups/LMU/GO/BMW M4 GT3/Bahrain tempo=15.23s
2026-08-05 19:53:32,117 INFO DRY-RUN archivio=Hymo Oreca WEC LMP2 Bahrain E-Sports Setup.zip destinazione=SimSetups/LMU/HYMO/Oreca 07/Bahrain tempo=0.00s
2026-08-05 19:53:32,119 INFO DRY-RUN archivio=trt IMOLA BMW HY.rar destinazione=SimSetups/LMU/TRT/BMW BMW/Imola tempo=0.00s
2026-08-05 19:54:45,828 INFO DRY-RUN archivio=BMW M4 LMGT3 Daytona E-Sports Setup by HYMO.zip destinazione=SimSetups/iRacing/HYMO/BMW M4 GT3/Daytona tempo=0.00s
2026-08-05 19:56:05,965 INFO DRY-RUN archivio=Duqueine D09 LMP3 Fuji E-Sports Setup.zip destinazione=SimSetups/iRacing/HYMO/Duqueine D09/Fuji tempo=80.14s
2026-08-05 19:56:05,967 INFO DRY-RUN archivio=GO-BMW-M4-LMGT3-BAHRAIN.zip destinazione=SimSetups/iRacing/GO/BMW M4 GT3/Bahrain tempo=0.00s
2026-08-05 19:56:05,968 INFO DRY-RUN archivio=Hymo Oreca WEC LMP2 Bahrain E-Sports Setup.zip destinazione=SimSetups/iRacing/HYMO/Oreca 07/Bahrain tempo=0.00s
2026-08-05 19:56:05,969 INFO DRY-RUN archivio=trt IMOLA BMW HY.rar destinazione=SimSetups/iRacing/TRT/BMW BMW/Imola tempo=0.00s
